// Jest Snapshot v1, https://goo.gl/fbAQLP

exports[`NumberKeyboard should render default correctly 1`] = `<drawer-stub visible="false" maskclosable="true" placement="bottom" showclose="false" enablesafeareainsets="true" showmask="false" class="fx-number-keyboard" showconfirm="false"></drawer-stub>`;

exports[`NumberKeyboard should render props customKey="." correctly 1`] = `<drawer-stub visible="false" maskclosable="true" placement="bottom" showclose="false" enablesafeareainsets="true" showmask="false" class="fx-number-keyboard" showconfirm="true"></drawer-stub>`;

exports[`NumberKeyboard should render props type="rightColumn" and customKey=["00", "."] correctly 1`] = `<drawer-stub visible="false" maskclosable="true" placement="bottom" showclose="false" enablesafeareainsets="true" showmask="false" class="fx-number-keyboard" showconfirm="false"></drawer-stub>`;

exports[`NumberKeyboard should render props type="rightColumn" correctly 1`] = `<drawer-stub visible="false" maskclosable="true" placement="bottom" showclose="false" enablesafeareainsets="true" showmask="false" class="fx-number-keyboard" showconfirm="false"></drawer-stub>`;
