// Jest Snapshot v1, https://goo.gl/fbAQLP

exports[`Drawer should render prop placement="left" correctly 1`] = `<anonymous-stub to="body"></anonymous-stub>`;

exports[`Drawer should render prop showClose=true correctly 1`] = `<anonymous-stub to="body"></anonymous-stub>`;

exports[`Drawer should render prop title="Drawer" correctly 1`] = `<anonymous-stub to="body"></anonymous-stub>`;
